
> repair-shop-dx@0.1.0 build
> next build

   笆ｲ Next.js 16.0.10 (Turbopack)
   - Environments: .env.local

   Creating an optimized production build ...
 笨・Compiled successfully in 5.2s
   Running TypeScript ...
node.exe : Failed to compile.
発生場所 行:1 文字:1
+ & "C:\Program Files\nodejs/node.exe" "C:\Program Files\nodejs/node_mo ...
+ ~~~~~~~~~~~~~~~~~~~~~~~~~~~~~~~~~~~~~~~~~~~~~~~~~~~~~~~~~~~~~~~~~~~~~
    + CategoryInfo          : NotSpecified: (Failed to compile.:String) [], RemoteException
    + FullyQualifiedErrorId : NativeCommandError
 

./src/app/admin/estimate/[id]/page.tsx:1499:39
Type error: Cannot find name 'EstimateData'.

[0m [90m 1497 |[39m         
 [90m 1498 |[39m         [90m// 繧ｵ繝ｼ繝薙せ遞ｮ鬘槫崋譛峨・諠・ｱ繧呈ｺ門ｙ[39m
[31m[1m>[22m[39m[90m 1499 |[39m         [36mconst[39m estimateDataWithExtras[33m:[39m [33mEstimateData[39m 
[33m=[39m {
 [90m      |[39m                                       [31m[1m^[22m[39m
 [90m 1500 |[39m           items[33m:[39m estimateData[33m,[39m
 [90m 1501 |[39m           subtotal[33m,[39m
 [90m 1502 |[39m           tax[33m,[39m[0m
Next.js build worker exited with code: 1 and signal: null
